I'm sorry, but errors were detected in your script. Please correct the
errors listed below, and try again.


File "game/Chapter_Three.rpy", line 12: invalid syntax
    CurrentChap +=
    

Ren'Py Version: Ren'Py 7.3.5.606
Tue May 19 00:15:17 2020
